(footprint "test" (version 20211014) (generator pcbnew)
  (layer "F.Cu")
  (tedit 621D235F)
  (attr smd)
  (fp_text reference "REF**" (at 2.2 -0.6 unlocked) (layer "F.SilkS")
    (effects (font (size 1 1) (thickness 0.15)))
    (tstamp 4c9fdea7-ba0c-45cc-8f66-240980c37d5c)
  )
  (fp_text value "test" (at 7.4 6.8 unlocked) (layer "F.Fab")
    (effects (font (size 1 1) (thickness 0.15)))
    (tstamp c58960d9-4cac-4036-ad2e-1aef26946dae)
  )
  (fp_text user "testtext hidden \"quoted \"" (at 30 0.2 unlocked) (layer "F.Cu") hide
    (effects (font (size 1.5 1.5) (thickness 0.3)))
    (tstamp 5ca4be1c-537e-4a4a-b344-d0c8ffde8546)
  )
  (fp_text user "tefdafdsafdsa" (at 4.8 -5 unlocked) (layer "F.SilkS")
    (effects (font (size 1 1) (thickness 0.15)))
    (tstamp ec9e24d8-d1c5-40e2-9812-dc315d05f470)
  )
  (fp_text user "testTEST" (at 27.6 -6 unlocked) (layer "Dwgs.User")
    (effects (font (size 1 1) (thickness 0.15)))
    (tstamp 4a21e717-d46d-4d9e-8b98-af4ecb02d3ec)
  )
  (fp_text user "test with \"quoted\" string" (at 30.2 -11.2 unlocked) (layer "Dwgs.User")
    (effects (font (size 1 1) (thickness 0.15)))
    (tstamp 53c85970-3e21-4fae-a84f-721cfc0513b5)
  )
  (fp_text user "${REFERENCE}" (at 7.4 8.3 unlocked) (layer "F.Fab")
    (effects (font (size 1 1) (thickness 0.15)))
    (tstamp 5b96c1ad-46ba-4366-8241-fbc1cd0e9bbd)
  )
  (fp_line (start 8.6 -15.8) (end 37.6 -15.8) (layer "F.Cu") (width 0.2) (tstamp 003c2200-0632-4808-a662-8ddd5d30c768))
  (fp_line (start 1.4 -8.95) (end 12.8 -8.95) (layer "F.SilkS") (width 0.12) (tstamp 6ff874d0-4ac5-414c-83a7-573eda4c7703))
  (fp_line (start -7.85 0.3) (end 1.4 -8.95) (layer "F.SilkS") (width 0.12) (tstamp be0953c0-632d-4dd2-85e9-4d41239f22d2))
  (fp_rect (start 10.35 23.2) (end 20.55 13) (layer "F.SilkS") (width 0.12) (fill none) (tstamp 7f3eb118-a20c-4239-b800-c9211c66847d))
  (fp_arc (start 24.333985 1.466015) (mid 18.858626 28.992503) (end -4.477203 13.4) (layer "F.SilkS") (width 0.12) (tstamp 9ff4672a-e1a4-4a1e-887d-1b9a3429d278))
  (fp_circle (center 16.6 -2.2) (end 20 -5.6) (layer "F.SilkS") (width 0.12) (fill none) (tstamp fc0a4225-db46-4d48-8163-d522602d57cd))
  (fp_poly (pts
      (xy 8.4 14.95)
      (xy 1.15 14.95)
      (xy 1.15 6.7)
      (xy 1.9 6.7)
      (xy 8.4 0.2)
    ) (layer "F.SilkS") (width 0.12) (fill solid) (tstamp f6ee98b5-4773-4eeb-a825-33c1705abace))
  (pad "" smd roundrect (at 31.2 6.4) (size 2.286 1.524) (layers "F.Paste") (roundrect_rratio 0.25) (tstamp 127679a9-3981-4934-815e-896a4e3ff56e))
  (pad "" np_thru_hole roundrect (at 26.6 1.4 90) (size 2.286 1.524) (drill 1) (layers F&B.Cu *.Mask) (roundrect_rratio 0.25) (tstamp 9ccf03e8-755a-4cd9-96fc-30e1d08fa253))
  (pad "1" smd roundrect (at 24 -24) (size 2.286 1.524) (property pad_prop_testpoint) (layers "F.Cu" "F.Paste" "F.Mask") (roundrect_rratio 0.25)
    (die_length 21) (tstamp 03c7f780-fc1b-487a-b30d-567d6c09fdc8))
  (pad "1" smd roundrect (at 27 -24) (size 2.286 1.524) (property pad_prop_heatsink) (layers "F.Cu" "F.Paste" "F.Mask") (roundrect_rratio 0.25)
    (die_length 21) (tstamp 0520f61d-4522-4301-a3fa-8ed0bf060f69))
  (pad "1" smd circle (at 27 -22) (size 2.286 2.286) (property pad_prop_heatsink) (layers "F.Cu" "F.Paste" "F.Mask")
    (die_length 21) (tstamp 0f560957-a8c5-442f-b20c-c2d88613742c))
  (pad "1" smd circle (at 24 -22) (size 2.286 2.286) (property pad_prop_testpoint) (layers "F.Cu" "F.Paste" "F.Mask")
    (die_length 21) (tstamp 17ed3508-fa2e-4593-a799-bfd39a6cc14d))
  (pad "1" smd circle (at 12 -22) (size 2.286 2.286) (layers "F.Cu" "F.Paste" "F.Mask")
    (die_length 21) (tstamp 2a6075ae-c7fa-41db-86b8-3f996740bdc2))
  (pad "1" smd roundrect (at 21 -24) (size 2.286 1.524) (property pad_prop_fiducial_glob) (layers "F.Cu" "F.Paste" "F.Mask") (roundrect_rratio 0.25)
    (die_length 21) (tstamp 503dbd88-3e6b-48cc-a2ea-a6e28b52a1f7))
  (pad "1" smd circle (at 21 -22) (size 2.286 2.286) (property pad_prop_fiducial_glob) (layers "F.Cu" "F.Paste" "F.Mask")
    (die_length 21) (tstamp 5f6afe3e-3cb2-473a-819c-dc94ae52a6be))
  (pad "1" smd roundrect (at 18 -24) (size 2.286 1.524) (property pad_prop_fiducial_loc) (layers "F.Cu" "F.Paste" "F.Mask") (roundrect_rratio 0.25)
    (die_length 21) (tstamp 7f52d787-caa3-4a92-b1b2-19d554dc29a4))
  (pad "1" smd roundrect (at 23 -8) (size 2.286 1.524) (layers "F.Cu" "F.Paste" "F.Mask") (roundrect_rratio 0.25)
    (die_length 21) (tstamp 842e430f-0c35-45f3-a0b5-95ae7b7ae388))
  (pad "1" smd circle (at 18 -22) (size 2.286 2.286) (property pad_prop_fiducial_loc) (layers "F.Cu" "F.Paste" "F.Mask")
    (die_length 21) (tstamp 98970bf0-1168-4b4e-a1c9-3b0c8d7eaacf))
  (pad "1" smd roundrect (at 15 -24) (size 2.286 1.524) (property pad_prop_bga) (layers "F.Cu" "F.Paste" "F.Mask") (roundrect_rratio 0.25)
    (die_length 21) (tstamp b7199d9b-bebb-4100-9ad3-c2bd31e21d65))
  (pad "1" smd roundrect (at 12 -24) (size 2.286 1.524) (layers "F.Cu" "F.Paste" "F.Mask") (roundrect_rratio 0.25)
    (die_length 21) (tstamp c43663ee-9a0d-4f27-a292-89ba89964065))
  (pad "1" smd circle (at 15 -22) (size 2.286 2.286) (property pad_prop_bga) (layers "F.Cu" "F.Paste" "F.Mask")
    (die_length 21) (tstamp c67ad10d-2f75-4ec6-a139-47058f7f06b2))
  (pad "2" thru_hole oval (at 22 4.8 90) (size 2.286 1.524) (drill oval 1.5 1 (offset 0.2 0.1)) (property pad_prop_castellated) (layers *.Cu *.Mask) (remove_unused_layers) (keep_end_layers)
    (die_length 1) (tstamp 1a2f72d1-0b36-4610-afc4-4ad1660d5d3b))
  (pad "3" connect custom (at 35 19.8) (size 1.524 1.524) (layers "F.Cu" "F.Mask")
    (solder_paste_margin -1) (solder_paste_margin_ratio -0.12) (clearance 1) (zone_connect 1) (thermal_width 1) (thermal_gap 1)
    (options (clearance convexhull) (anchor circle))
    (primitives
      (gr_circle (center 1.2 -2.2) (end 6.008326 -2.2) (width 0.2) (fill yes))
      (gr_rect (start -1.8 3.8) (end 2.8 -0.8) (width 0.2))
      (gr_line (start 2.2 0.4) (end 6.6 0.4) (width 0.2))
      (gr_circle (center 1.8 0.4) (end 6.891169 0.4) (width 0.2))
      (gr_poly (pts
          (xy 12.8 4.2)
          (xy 8.2 8.8)
          (xy 3.8 4.4)
          (xy 8.4 -0.2)
        ) (width 0.2) (fill yes))
      (gr_arc (start 6.4 0.2) (mid 6.596181 -0.790785) (end 7.155119 -1.632052) (width 0.2))
      (gr_line (start -1.6 0) (end -4.6 -3) (width 0.2))
      (gr_poly (pts
          (xy -0.6 2.8)
          (xy -1.8 4)
          (xy -6.4 4)
          (xy -6.4 1)
          (xy -0.6 1)
        ) (width 0.2) (fill yes))
      (gr_poly (pts
          (xy 0.870847 -0.746121)
          (xy 0.983248 -0.691178)
          (xy 1.071791 -0.602789)
          (xy 1.12693 -0.490484)
          (xy 1.143 -0.381)
          (xy 1.143 0.381)
          (xy 1.127121 0.489847)
          (xy 1.072178 0.602248)
          (xy 0.983789 0.690791)
          (xy 0.871484 0.74593)
          (xy 0.762 0.762)
          (xy -0.762 0.762)
          (xy -0.870847 0.746121)
          (xy -0.983248 0.691178)
          (xy -1.071791 0.602789)
          (xy -1.12693 0.490484)
          (xy -1.143 0.381)
          (xy -1.143 -0.381)
          (xy -1.127121 -0.489847)
          (xy -1.072178 -0.602248)
          (xy -0.983789 -0.690791)
          (xy -0.871484 -0.74593)
          (xy -0.762 -0.762)
          (xy 0.762 -0.762)
        ) (width 0) (fill yes))
    ) (tstamp d1262c4d-2245-4c4f-8f35-7bb32cd9e21e))
  (pad "4" smd roundrect (at 32 -6.6 90) (size 2.286 1.524) (layers "F.Cu" "F.Paste" "F.Mask") (roundrect_rratio 0)
    (chamfer_ratio 0.2) (chamfer top_left top_right bottom_left bottom_right)
    (die_length 15) (tstamp e4c6fdbb-fdc7-4ad4-a516-240d84cdc120))
  (pad "5" thru_hole roundrect (at 30 -24) (size 2.286 1.524) (drill 1) (property pad_prop_castellated) (layers *.Cu *.Mask) (roundrect_rratio 0.25) (tstamp 0fafc6b9-fd35-4a55-9270-7a8e7ce3cb13))
  (zone (net 0) (net_name "") (layer "F.Cu") (tstamp 7fe205fe-6e0e-4d47-97e6-ac4d30e9624d) (name "test") (hatch none 0.508)
    (connect_pads (clearance 0))
    (min_thickness 0.254)
    (keepout (tracks not_allowed) (vias not_allowed) (pads not_allowed ) (copperpour allowed) (footprints allowed))
    (fill (thermal_gap 0.508) (thermal_bridge_width 0.508))
    (polygon
      (pts
        (xy 49.6 11)
        (xy 36.8 12.2)
        (xy 36.8 -1.8)
      )
    )
  )
  (group "This is a test group with \"quoted\" strings" (id c8f2f7cd-7488-4cda-98bb-dc95119afdb7)
    (members
      7f3eb118-a20c-4239-b800-c9211c66847d
      f6ee98b5-4773-4eeb-a825-33c1705abace
    )
  )
)
