(kicad_symbol_lib (version 20211014) (generator kicad_symbol_editor)
  (symbol "AD1853" (power) (pin_numbers hide) (pin_names (offset 0.635)) (in_bom no) (on_board no)
    (property "Value" "AD1853" (id 1) (at 0 6.985 0)
      (effects (font (size 1.27 1.27)))
    )
    (symbol "AD1853_0_0"
      (text "NormalStuff" (at 0 19.05 0)
        (effects (font (size 1.27 1.27)))
      )
      (pin input line (at 13.335 13.97 0) (length 2.54)
        (name "NormalPin" (effects (font (size 1.27 1.27))))
        (number "123" (effects (font (size 1.27 1.27))))
      )
    )
  )
  (symbol "SomeNewName:AD2023"
    (text "NormalStuff" (at 0 19.05 0)
      (effects (font (size 1.27 1.27)))
    )
    (pin input line (at 13.335 13.97 0) (length 2.54)
      (name "NormalPin" (effects (font (size 1.27 1.27))))
      (number "123" (effects (font (size 1.27 1.27))))
    )
  )
)
